START repair:smoke 2026-10-02T20:43:43.2175166+01:00
# plan repair:smoke x1 started 2026-10-02T19:43:44.2527030Z, 16 logical CPUs, exe <worktree>\tests\StorageInventory.Library.Tests\bin\Release\net10.0-windows\StorageInventory.Library.Tests.exe; busy elsewhere (cores): total 5.03 of 16
=== smoke persource obj first 100k/300k d25
  building prefill g3-obj-100000-d-0.25_model-system_beta-13.501_omega-0.25-persource (environment: SI_DR_PERSOURCE=1)
    prefill obj 3x100,000 d=0.25;model=system;beta=13.501;omega=0.25 built in 2.8 s, 27.5 MiB (28,856,320 B); SI_DR_* seen by the prefill child: SI_DR_PERSOURCE
  generator: params d=0.25;model=system (model system, beta 13.501, omega 0.25); generated 100247 files, 25062 distinct names (25.00%), mean length 21.03 code units, names seen once 56.4% of distinct, files in the top 1% of names 53.7%; base vocabulary 25062; churn: renamed to new names 0, deleted 0, added with existing names 0
  target: 100,247 files in 25,000 folders; library before 27.5 MiB (28,856,320 B; 7,045 pages, 0 free), 53,116 names (2.1 MiB of UTF-16), 50,000 folder paths
  analysis: [journal copied immediately before COMMIT] journal 181088 B, 1 segment(s) (0 synced), sector 512, page 4096, 44 records, 44 distinct pages (0 repeats), 4116 B per distinct page, original 7045 pages; journalled/total by B-tree: file_obs 7/4061, folder_obs 7/1084, sqlite_autoindex_name_1 7/773, name 4/692, folder_path_child 4/206, folder_path 2/211, sqlite_schema 1/4, scan_attempt_by_source 1/1, snapshot 1/1, sqlite_autoindex_snapshot_1 1/1, snapshot_by_source 1/1, library_info 1/1, volume 1/1, volume_by_serial 1/1, source 1/1, source_local_key 1/1, scan_attempt 1/1, folder_path_root 1/1, snapshot_extension_total 1/1
  IMP-11: checks 12; max pending main growth at any check 11268096 B; largest drop per 4,096 rows (scaled from 16,384-row intervals) 0 B; end of rows: pending 11268096 B, main 28856320 B, journal 168776 B; during verification main grew 0 B, journal 0 B; before COMMIT: page_count 9796, page_size 4096, main 28856320 B, journal 181088 B, pending 11268096 B; after COMMIT: main 40124416 B (COMMIT added 11268096 B; predicted 11268096 B; difference 0 B), journal 0 B; total growth from BEGIN: pages 2751
  files/s 94,630; insertion files/s 136,059; peak journal 0.2 MiB (FileInfo 0.2 MiB); growth 10.7 MiB; library before 27.5 MiB; new names 26,060; other load mean 61.4%
=== smoke persource objrescan 100k/300k n1
  generator: params d=0.25;model=system;rho=0.01;delta=0.005;alpha=0.005 (model system, beta 13.501, omega 0.25); generated 100437 files, 25924 distinct names (25.81%), mean length 19.57 code units, names seen once 58.7% of distinct, files in the top 1% of names 53.4%; base vocabulary 25106; churn: renamed to new names 1039, deleted 530, added with existing names 541
  target: 100,437 files in 25,000 folders; library before 27.5 MiB (28,856,320 B; 7,045 pages, 0 free), 53,116 names (2.1 MiB of UTF-16), 50,000 folder paths
  analysis: [journal copied immediately before COMMIT] journal 1596968 B, 1 segment(s) (0 synced), sector 512, page 4096, 389 records, 389 distinct pages (0 repeats), 4105 B per distinct page, original 7045 pages; journalled/total by B-tree: sqlite_autoindex_name_1 365/773, file_obs 7/4061, folder_obs 7/1084, name 2/692, sqlite_schema 1/4, scan_attempt_by_source 1/1, snapshot 1/1, sqlite_autoindex_snapshot_1 1/1, snapshot_by_source 1/1, library_info 1/1, scan_attempt 1/1, snapshot_extension_total 1/1, folder_path 0/211, folder_path_child 0/206
  IMP-11: checks 12; max pending main growth at any check 7118848 B; largest drop per 4,096 rows (scaled from 16,384-row intervals) 92340 B; end of rows: pending 7118848 B, main 28856320 B, journal 1584656 B; during verification main grew 0 B, journal 0 B; before COMMIT: page_count 8783, page_size 4096, main 28856320 B, journal 1596968 B, pending 7118848 B; after COMMIT: main 35975168 B (COMMIT added 7118848 B; predicted 7118848 B; difference 0 B), journal 0 B; total growth from BEGIN: pages 1738
  files/s 85,152; insertion files/s 125,856; peak journal 1.5 MiB (FileInfo 1.5 MiB); growth 6.8 MiB; library before 27.5 MiB; new names 1,039; other load mean 54.8%
=== smoke global hash existing 100k/300k
  building prefill g3-hash-100000-global (environment: none)
    prefill hash 3x100,000  built in 6.6 s, 40.1 MiB (42,094,592 B); SI_DR_* seen by the prefill child: none
  target: 100,247 files in 25,000 folders; library before 40.1 MiB (42,094,592 B; 10,277 pages, 0 free), 168,614 names (7.1 MiB of UTF-16), 50,000 folder paths
  analysis: [journal copied immediately before COMMIT] journal 9706472 B, 1 segment(s) (0 synced), sector 512, page 4096, 2365 records, 2365 distinct pages (0 repeats), 4104 B per distinct page, original 10277 pages; journalled/total by B-tree: sqlite_autoindex_name_1 2338/2467, file_obs 7/4079, folder_obs 7/1083, name 5/2215, sqlite_schema 1/4, scan_attempt_by_source 1/1, snapshot 1/1, sqlite_autoindex_snapshot_1 1/1, snapshot_by_source 1/1, library_info 1/1, scan_attempt 1/1, snapshot_extension_total 1/1, folder_path 0/210, folder_path_child 0/205
  IMP-11: checks 12; max pending main growth at any check 12935168 B; largest drop per 4,096 rows (scaled from 16,384-row intervals) 55404 B; end of rows: pending 12935168 B, main 42094592 B, journal 9694160 B; during verification main grew 0 B, journal 0 B; before COMMIT: page_count 13435, page_size 4096, main 42094592 B, journal 9706472 B, pending 12935168 B; after COMMIT: main 55029760 B (COMMIT added 12935168 B; predicted 12935168 B; difference 0 B), journal 0 B; total growth from BEGIN: pages 3158
  files/s 46,191; insertion files/s 76,155; peak journal 9.3 MiB (FileInfo 9.3 MiB); growth 12.3 MiB; library before 40.1 MiB; new names 50,199; other load mean 69.2%
=== smoke cancel persource objrescan 100k/300k n1
  generator: params d=0.25;model=system;rho=0.01;delta=0.005;alpha=0.005 (model system, beta 13.501, omega 0.25); generated 100437 files, 25924 distinct names (25.81%), mean length 19.57 code units, names seen once 58.7% of distinct, files in the top 1% of names 53.4%; base vocabulary 25106; churn: renamed to new names 1039, deleted 530, added with existing names 541
  target: 100,437 files in 25,000 folders; library before 27.5 MiB (28,856,320 B; 7,045 pages, 0 free), 53,116 names (2.1 MiB of UTF-16), 50,000 folder paths
  cancelled at the end of row insertion (1.5 MiB of journal): returned rolled back after 0.012 s; main 27.5 MiB (before 27.5 MiB), journal now 0 bytes
  IMP-11: checks 9; max pending main growth at any check 7118848 B; largest drop per 4,096 rows (scaled from 16,384-row intervals) 92340 B; end of rows: pending 7118848 B, main 28856320 B, journal 1584656 B
  files/s 0; insertion files/s 0; peak journal 1.5 MiB (FileInfo 1.5 MiB); growth 0.0 MiB; library before 27.5 MiB; new names 0; other load mean 44.4%
=== smoke crash persource objrescan 100k/300k n1
  generator: params d=0.25;model=system;rho=0.01;delta=0.005;alpha=0.005 (model system, beta 13.501, omega 0.25); generated 100437 files, 25924 distinct names (25.81%), mean length 19.57 code units, names seen once 58.7% of distinct, files in the top 1% of names 53.4%; base vocabulary 25106; churn: renamed to new names 1039, deleted 530, added with existing names 541
  target: 100,437 files in 25,000 folders; library before 27.5 MiB (28,856,320 B; 7,045 pages, 0 free), 53,116 names (2.1 MiB of UTF-16), 50,000 folder paths
  recovery open: 0.078 s, hot journal 1.5 MiB, main 27.5 -> 27.5 MiB, state Available, snapshots 3, older snapshots verify; SI_DR_PERSOURCE 1
  crash: journal at kill 1.5 MiB; next open 0.08 s, state Available
# plan repair:smoke finished 2026-10-02T19:44:08.3792393Z; busy elsewhere (cores): total 2.76 of 16
exit 0 for repair:smoke 2026-10-02T20:44:11.4365166+01:00
