# plan repair:structure x1 started 2026-10-02T19:44:32.3971492Z, 16 logical CPUs, exe <worktree>\tests\StorageInventory.Library.Tests\bin\Release\net10.0-windows\StorageInventory.Library.Tests.exe; busy elsewhere (cores): total 2.06 of 16
=== analyse persource hash new-source 1M/3000k
  building prefill g3-hash-1000000-persource (environment: SI_DR_PERSOURCE=1)
    prefill hash 3x1,000,000  built in 51.7 s, 399.4 MiB (418,762,752 B); SI_DR_* seen by the prefill child: SI_DR_PERSOURCE
  target: 999,111 files in 250,000 folders; library before 399.4 MiB (418,762,752 B; 102,237 pages, 0 free), 1,537,047 names (66.9 MiB of UTF-16), 500,000 folder paths
  analysis: [journal copied immediately before COMMIT] journal 247328 B, 2 segment(s) (1 synced), sector 512, page 4096, 60 records, 60 distinct pages (0 repeats), 4122 B per distinct page, original 102237 pages; journalled/total by B-tree: file_obs 10/41740, sqlite_autoindex_name_1 10/23578, folder_obs 10/11153, folder_path_child 7/2303, name 5/21169, folder_path 5/2276, sqlite_schema 1/4, scan_attempt_by_source 1/1, snapshot 1/1, sqlite_autoindex_snapshot_1 1/1, snapshot_by_source 1/1, library_info 1/1, volume 1/1, volume_by_serial 1/1, source 1/1, source_local_key 1/1, scan_attempt 1/1, folder_path_root 1/1, snapshot_extension_total 1/1
  IMP-11: checks 80; max pending main growth at any check 58257408 B; largest drop per 4,096 rows (scaled from 16,384-row intervals) 723968 B; end of rows: pending 35061760 B, main 529707008 B, journal 235016 B; during verification main grew 53248 B, journal 0 B; before COMMIT: page_count 137883, page_size 4096, main 529760256 B, journal 247328 B, pending 35008512 B; after COMMIT: main 564768768 B (COMMIT added 35008512 B; predicted 35008512 B; difference 0 B), journal 0 B; total growth from BEGIN: pages 35646
  files/s 61,793; insertion files/s 81,610; peak journal 0.2 MiB (FileInfo 0.2 MiB); growth 139.2 MiB; library before 399.4 MiB; new names 518,069; other load mean 65.1%
=== analyse persource hash existing 1M/3000k
  target: 999,111 files in 250,000 folders; library before 399.4 MiB (418,762,752 B; 102,237 pages, 0 free), 1,537,047 names (66.9 MiB of UTF-16), 500,000 folder paths
  analysis: [journal copied immediately before COMMIT] journal 62927656 B, 2 segment(s) (1 synced), sector 512, page 4096, 15333 records, 15333 distinct pages (0 repeats), 4104 B per distinct page, original 102237 pages; journalled/total by B-tree: sqlite_autoindex_name_1 15300/23578, file_obs 10/41740, folder_obs 10/11153, name 5/21169, sqlite_schema 1/4, scan_attempt_by_source 1/1, snapshot 1/1, sqlite_autoindex_snapshot_1 1/1, snapshot_by_source 1/1, library_info 1/1, scan_attempt 1/1, snapshot_extension_total 1/1, folder_path_child 0/2303, folder_path 0/2276
  IMP-11: checks 80; max pending main growth at any check 17104896 B; largest drop per 4,096 rows (scaled from 16,384-row intervals) 5376224 B; end of rows: pending 3330048 B, main 547139584 B, journal 62915344 B; during verification main grew 696320 B, journal 0 B; before COMMIT: page_count 134392, page_size 4096, main 547835904 B, journal 62927656 B, pending 2633728 B; after COMMIT: main 550469632 B (COMMIT added 2633728 B; predicted 2633728 B; difference 0 B), journal 0 B; total growth from BEGIN: pages 32155
  files/s 47,410; insertion files/s 62,293; peak journal 60.0 MiB (FileInfo 60.0 MiB); growth 125.6 MiB; library before 399.4 MiB; new names 499,571; other load mean 56.0%
=== analyse global hash new-source 1M/750k
  building prefill g3-hash-250000-global (environment: none)
    prefill hash 3x250,000  built in 8.5 s, 98.9 MiB (103,673,856 B); SI_DR_* seen by the prefill child: none
  target: 999,111 files in 250,000 folders; library before 98.9 MiB (103,673,856 B; 25,311 pages, 0 free), 393,658 names (17.0 MiB of UTF-16), 125,000 folder paths
  analysis: [journal copied immediately before COMMIT] journal 23423024 B, 2 segment(s) (1 synced), sector 512, page 4096, 5707 records, 5707 distinct pages (0 repeats), 4104 B per distinct page, original 25311 pages; journalled/total by B-tree: sqlite_autoindex_name_1 5662/5859, file_obs 9/10323, folder_obs 7/2754, folder_path_child 7/547, name 5/5263, folder_path 4/547, sqlite_schema 1/4, scan_attempt_by_source 1/1, snapshot 1/1, sqlite_autoindex_snapshot_1 1/1, snapshot_by_source 1/1, library_info 1/1, volume 1/1, volume_by_serial 1/1, source 1/1, source_local_key 1/1, scan_attempt 1/1, folder_path_root 1/1, snapshot_extension_total 1/1
  IMP-11: checks 80; max pending main growth at any check 35110912 B; largest drop per 4,096 rows (scaled from 16,384-row intervals) 779760 B; end of rows: pending 10477568 B, main 233758720 B, journal 23410712 B; during verification main grew 2015232 B, journal 0 B; before COMMIT: page_count 59628, page_size 4096, main 235773952 B, journal 23423024 B, pending 8462336 B; after COMMIT: main 244236288 B (COMMIT added 8462336 B; predicted 8462336 B; difference 0 B), journal 0 B; total growth from BEGIN: pages 34317
  files/s 80,971; insertion files/s 107,237; peak journal 22.3 MiB (FileInfo 22.3 MiB); growth 134.1 MiB; library before 98.9 MiB; new names 499,572; other load mean 41.8%
=== analyse global hash existing 1M/750k
  target: 999,111 files in 250,000 folders; library before 98.9 MiB (103,673,856 B; 25,311 pages, 0 free), 393,658 names (17.0 MiB of UTF-16), 125,000 folder paths
  analysis: [journal copied immediately before COMMIT] journal 23402536 B, 2 segment(s) (1 synced), sector 512, page 4096, 5702 records, 5702 distinct pages (0 repeats), 4104 B per distinct page, original 25311 pages; journalled/total by B-tree: sqlite_autoindex_name_1 5662/5859, file_obs 9/10323, folder_obs 7/2754, folder_path_child 7/547, name 5/5263, folder_path 4/547, sqlite_schema 1/4, scan_attempt_by_source 1/1, snapshot 1/1, sqlite_autoindex_snapshot_1 1/1, snapshot_by_source 1/1, library_info 1/1, scan_attempt 1/1, snapshot_extension_total 1/1
  IMP-11: checks 80; max pending main growth at any check 35151872 B; largest drop per 4,096 rows (scaled from 16,384-row intervals) 779760 B; end of rows: pending 10477568 B, main 230518784 B, journal 23390224 B; during verification main grew 2019328 B, journal 0 B; before COMMIT: page_count 58837, page_size 4096, main 232538112 B, journal 23402536 B, pending 8458240 B; after COMMIT: main 240996352 B (COMMIT added 8458240 B; predicted 8458240 B; difference 0 B), journal 0 B; total growth from BEGIN: pages 33526
  files/s 72,028; insertion files/s 96,919; peak journal 22.3 MiB (FileInfo 22.3 MiB); growth 131.0 MiB; library before 98.9 MiB; new names 499,572; other load mean 48.4%
=== analyse persource obj first 2M/6000k d25
  building prefill g3-obj-2000000-d-0.25_model-system_beta-13.501_omega-0.25-persource (environment: SI_DR_PERSOURCE=1)
    prefill obj 3x2,000,000 d=0.25;model=system;beta=13.501;omega=0.25 built in 86.0 s, 562.1 MiB (589,443,072 B); SI_DR_* seen by the prefill child: SI_DR_PERSOURCE
  generator: params d=0.25;model=system (model system, beta 13.501, omega 0.25); generated 1997023 files, 499256 distinct names (25.00%), mean length 21.76 code units, names seen once 56.6% of distinct, files in the top 1% of names 53.7%; base vocabulary 499256; churn: renamed to new names 0, deleted 0, added with existing names 0
  target: 1,997,023 files in 500,000 folders; library before 562.1 MiB (589,443,072 B; 143,907 pages, 0 free), 1,022,532 names (42.1 MiB of UTF-16), 1,000,000 folder paths
  analysis: [journal copied immediately before COMMIT] journal 247352 B, 2 segment(s) (1 synced), sector 512, page 4096, 60 records, 60 distinct pages (0 repeats), 4123 B per distinct page, original 143907 pages; journalled/total by B-tree: file_obs 10/83350, folder_obs 10/22350, sqlite_autoindex_name_1 10/15232, folder_path_child 7/4670, name 5/13686, folder_path 5/4601, sqlite_schema 1/4, scan_attempt_by_source 1/1, snapshot 1/1, sqlite_autoindex_snapshot_1 1/1, snapshot_by_source 1/1, library_info 1/1, volume 1/1, volume_by_serial 1/1, source 1/1, source_local_key 1/1, scan_attempt 1/1, folder_path_root 1/1, snapshot_extension_total 1/1
  IMP-11: checks 156; max pending main growth at any check 58232832 B; largest drop per 4,096 rows (scaled from 16,384-row intervals) 538624 B; end of rows: pending 31371264 B, main 783183872 B, journal 235040 B; during verification main grew 49152 B, journal 0 B; before COMMIT: page_count 198866, page_size 4096, main 783233024 B, journal 247352 B, pending 31322112 B; after COMMIT: main 814555136 B (COMMIT added 31322112 B; predicted 31322112 B; difference 0 B), journal 0 B; total growth from BEGIN: pages 54959
  files/s 66,270; insertion files/s 103,922; peak journal 0.2 MiB (FileInfo 0.2 MiB); growth 214.7 MiB; library before 562.1 MiB; new names 500,254; other load mean 56.7%
=== analyse persource objrescan 2M/6000k n1
  generator: params d=0.25;model=system;rho=0.01;delta=0.005;alpha=0.005 (model system, beta 13.501, omega 0.25); generated 2001522 files, 516090 distinct names (25.78%), mean length 20.01 code units, names seen once 58.4% of distinct, files in the top 1% of names 53.4%; base vocabulary 500427; churn: renamed to new names 20016, deleted 10086, added with existing names 9901
  target: 2,001,522 files in 500,000 folders; library before 562.1 MiB (589,443,072 B; 143,907 pages, 0 free), 1,022,532 names (42.1 MiB of UTF-16), 1,000,000 folder paths
  analysis: [journal copied immediately before COMMIT] journal 30338040 B, 2 segment(s) (1 synced), sector 512, page 4096, 7392 records, 7392 distinct pages (0 repeats), 4104 B per distinct page, original 143907 pages; journalled/total by B-tree: sqlite_autoindex_name_1 7359/15232, file_obs 10/83350, folder_obs 10/22350, name 5/13686, sqlite_schema 1/4, scan_attempt_by_source 1/1, snapshot 1/1, sqlite_autoindex_snapshot_1 1/1, snapshot_by_source 1/1, library_info 1/1, scan_attempt 1/1, snapshot_extension_total 1/1, folder_path_child 0/4670, folder_path 0/4601
  IMP-11: checks 157; max pending main growth at any check 46473216 B; largest drop per 4,096 rows (scaled from 16,384-row intervals) 526614 B; end of rows: pending 27303936 B, main 709308416 B, journal 30325728 B; during verification main grew 65536 B, journal 0 B; before COMMIT: page_count 179837, page_size 4096, main 709373952 B, journal 30338040 B, pending 27238400 B; after COMMIT: main 736612352 B (COMMIT added 27238400 B; predicted 27238400 B; difference 0 B), journal 0 B; total growth from BEGIN: pages 35930
  files/s 66,841; insertion files/s 96,593; peak journal 28.9 MiB (FileInfo 28.9 MiB); growth 140.4 MiB; library before 562.1 MiB; new names 20,016; other load mean 52.8%
# plan repair:structure finished 2026-10-02T19:49:31.1539580Z; busy elsewhere (cores): total 3.14 of 16
