# plan repair:timing x1 started 2026-10-02T20:06:31.1485829Z, 16 logical CPUs, exe <worktree>\tests\StorageInventory.Library.Tests\bin\Release\net10.0-windows\StorageInventory.Library.Tests.exe; busy elsewhere (cores): total 2.11 of 16
=== persource hash existing 1M/3000k r1
  target: 999,111 files in 250,000 folders; library before 399.4 MiB (418,762,752 B; 102,237 pages, 0 free), 1,537,047 names (66.9 MiB of UTF-16), 500,000 folder paths
  IMP-11: checks 80; max pending main growth at any check 17104896 B; largest drop per 4,096 rows (scaled from 16,384-row intervals) 5376224 B; end of rows: pending 3330048 B, main 547139584 B, journal 62915344 B; during verification main grew 696320 B, journal 0 B; before COMMIT: page_count 134392, page_size 4096, main 547835904 B, journal 62927656 B, pending 2633728 B; after COMMIT: main 550469632 B (COMMIT added 2633728 B; predicted 2633728 B; difference 0 B), journal 0 B; total growth from BEGIN: pages 32155
  files/s 65,333; insertion files/s 86,172; peak journal 60.0 MiB (FileInfo 60.0 MiB); growth 125.6 MiB; library before 399.4 MiB; new names 499,571; other load mean 51.7%
=== persource hash new-source 1M/3000k r1
  target: 999,111 files in 250,000 folders; library before 399.4 MiB (418,762,752 B; 102,237 pages, 0 free), 1,537,047 names (66.9 MiB of UTF-16), 500,000 folder paths
  IMP-11: checks 80; max pending main growth at any check 58257408 B; largest drop per 4,096 rows (scaled from 16,384-row intervals) 723968 B; end of rows: pending 35061760 B, main 529707008 B, journal 235016 B; during verification main grew 53248 B, journal 0 B; before COMMIT: page_count 137883, page_size 4096, main 529760256 B, journal 247328 B, pending 35008512 B; after COMMIT: main 564768768 B (COMMIT added 35008512 B; predicted 35008512 B; difference 0 B), journal 0 B; total growth from BEGIN: pages 35646
  files/s 116,161; insertion files/s 166,966; peak journal 0.2 MiB (FileInfo 0.2 MiB); growth 139.2 MiB; library before 399.4 MiB; new names 518,069; other load mean 36.8%
=== persource obj first 2M/6000k d25 r1
  generator: params d=0.25;model=system (model system, beta 13.501, omega 0.25); generated 1997023 files, 499256 distinct names (25.00%), mean length 21.76 code units, names seen once 56.6% of distinct, files in the top 1% of names 53.7%; base vocabulary 499256; churn: renamed to new names 0, deleted 0, added with existing names 0
  target: 1,997,023 files in 500,000 folders; library before 562.1 MiB (589,443,072 B; 143,907 pages, 0 free), 1,022,532 names (42.1 MiB of UTF-16), 1,000,000 folder paths
  IMP-11: checks 156; max pending main growth at any check 58232832 B; largest drop per 4,096 rows (scaled from 16,384-row intervals) 538624 B; end of rows: pending 31371264 B, main 783183872 B, journal 235040 B; during verification main grew 49152 B, journal 0 B; before COMMIT: page_count 198866, page_size 4096, main 783233024 B, journal 247352 B, pending 31322112 B; after COMMIT: main 814555136 B (COMMIT added 31322112 B; predicted 31322112 B; difference 0 B), journal 0 B; total growth from BEGIN: pages 54959
  files/s 107,116; insertion files/s 165,247; peak journal 0.2 MiB (FileInfo 0.2 MiB); growth 214.7 MiB; library before 562.1 MiB; new names 500,254; other load mean 39.6%
=== persource objrescan 2M/6000k n1 r1
  generator: params d=0.25;model=system;rho=0.01;delta=0.005;alpha=0.005 (model system, beta 13.501, omega 0.25); generated 2001522 files, 516090 distinct names (25.78%), mean length 20.01 code units, names seen once 58.4% of distinct, files in the top 1% of names 53.4%; base vocabulary 500427; churn: renamed to new names 20016, deleted 10086, added with existing names 9901
  target: 2,001,522 files in 500,000 folders; library before 562.1 MiB (589,443,072 B; 143,907 pages, 0 free), 1,022,532 names (42.1 MiB of UTF-16), 1,000,000 folder paths
  IMP-11: checks 157; max pending main growth at any check 46473216 B; largest drop per 4,096 rows (scaled from 16,384-row intervals) 526614 B; end of rows: pending 27303936 B, main 709308416 B, journal 30325728 B; during verification main grew 65536 B, journal 0 B; before COMMIT: page_count 179837, page_size 4096, main 709373952 B, journal 30338040 B, pending 27238400 B; after COMMIT: main 736612352 B (COMMIT added 27238400 B; predicted 27238400 B; difference 0 B), journal 0 B; total growth from BEGIN: pages 35930
  files/s 93,242; insertion files/s 132,471; peak journal 28.9 MiB (FileInfo 28.9 MiB); growth 140.4 MiB; library before 562.1 MiB; new names 20,016; other load mean 48.0%
# plan repair:timing finished 2026-10-02T20:07:52.9876699Z; busy elsewhere (cores): total 2.31 of 16
