# plan repair:extra x1 started 2026-10-02T19:56:06.5034535Z, 16 logical CPUs, exe <worktree>\tests\StorageInventory.Library.Tests\bin\Release\net10.0-windows\StorageInventory.Library.Tests.exe; busy elsewhere (cores): total 3.35 of 16
=== persource obj first 2M/6000k d60 data
  building prefill g3-obj-2000000-d-0.6_model-data_beta-2.558_omega-0.25-persource (environment: SI_DR_PERSOURCE=1)
    prefill obj 3x2,000,000 d=0.6;model=data;beta=2.558;omega=0.25 built in 132.3 s, 860.6 MiB (902,377,472 B); SI_DR_* seen by the prefill child: SI_DR_PERSOURCE
  generator: params d=0.60;model=data (model data, beta 2.558, omega 0.25); generated 1997023 files, 1198214 distinct names (60.00%), mean length 35.31 code units, names seen once 60.7% of distinct, files in the top 1% of names 7.7%; base vocabulary 1198214; churn: renamed to new names 0, deleted 0, added with existing names 0
  target: 1,997,023 files in 500,000 folders; library before 860.6 MiB (902,377,472 B; 220,307 pages, 0 free), 2,423,527 names (163.1 MiB of UTF-16), 1,000,000 folder paths
  IMP-11: checks 156; max pending main growth at any check 58204160 B; largest drop per 4,096 rows (scaled from 16,384-row intervals) 1412096 B; end of rows: pending 3244032 B, main 1279258624 B, journal 247328 B; during verification main grew 0 B, journal 0 B; before COMMIT: page_count 313111, page_size 4096, main 1279258624 B, journal 259640 B, pending 3244032 B; after COMMIT: main 1282502656 B (COMMIT added 3244032 B; predicted 3244032 B; difference 0 B), journal 0 B; total growth from BEGIN: pages 92804
  files/s 45,448; insertion files/s 63,631; peak journal 0.2 MiB (FileInfo 0.2 MiB); growth 362.5 MiB; library before 860.6 MiB; new names 1,199,212; other load mean 50.8%
=== persource objrescan 2M/6000k n10
  generator: params d=0.25;model=system;rho=0.10;delta=0.05;alpha=0.05 (model system, beta 13.501, omega 0.25); generated 2001973 files, 656241 distinct names (32.78%), mean length 20.22 code units, names seen once 71.3% of distinct, files in the top 1% of names 50.3%; base vocabulary 500427; churn: renamed to new names 199789, deleted 99889, added with existing names 100155
  target: 2,001,973 files in 500,000 folders; library before 562.1 MiB (589,443,072 B; 143,907 pages, 0 free), 1,022,532 names (42.1 MiB of UTF-16), 1,000,000 folder paths
  IMP-11: checks 157; max pending main growth at any check 35012608 B; largest drop per 4,096 rows (scaled from 16,384-row intervals) 1455894 B; end of rows: pending 17895424 B, main 739495936 B, journal 31741392 B; during verification main grew 2007040 B, journal 0 B; before COMMIT: page_count 184910, page_size 4096, main 741502976 B, journal 31753704 B, pending 15888384 B; after COMMIT: main 757391360 B (COMMIT added 15888384 B; predicted 15888384 B; difference 0 B), journal 0 B; total growth from BEGIN: pages 41003
  files/s 84,873; insertion files/s 130,699; peak journal 30.3 MiB (FileInfo 30.3 MiB); growth 160.2 MiB; library before 562.1 MiB; new names 199,789; other load mean 54.3%
=== persource hash existing 2M/6000k
  building prefill g3-hash-2000000-persource (environment: SI_DR_PERSOURCE=1)
    prefill hash 3x2,000,000  built in 83.0 s, 800.1 MiB (839,008,256 B); SI_DR_* seen by the prefill child: SI_DR_PERSOURCE
  target: 1,997,023 files in 500,000 folders; library before 800.1 MiB (839,008,256 B; 204,836 pages, 0 free), 3,037,995 names (133.0 MiB of UTF-16), 1,000,000 folder paths
  IMP-11: checks 156; max pending main growth at any check 30158848 B; largest drop per 4,096 rows (scaled from 16,384-row intervals) 11334676 B; end of rows: pending 1212416 B, main 1103785984 B, journal 127652864 B; during verification main grew 335872 B, journal 0 B; before COMMIT: page_count 269775, page_size 4096, main 1104121856 B, journal 127665176 B, pending 876544 B; after COMMIT: main 1104998400 B (COMMIT added 876544 B; predicted 876544 B; difference 0 B), journal 0 B; total growth from BEGIN: pages 64939
  files/s 43,669; insertion files/s 53,690; peak journal 121.8 MiB (FileInfo 121.8 MiB); growth 253.7 MiB; library before 800.1 MiB; new names 998,418; other load mean 50.7%
# plan repair:extra finished 2026-10-02T20:02:00.6938993Z; busy elsewhere (cores): total 2.71 of 16
