# plan analyse x1 started 2026-10-02T15:58:32.6355634Z, 16 logical CPUs, exe <scratch>\bin-pristine\StorageInventory.Library.Tests.exe; busy elsewhere (cores): total 7.19 of 16
=== analyse append 1M/3000k
  target: 999,111 files in 250,000 folders; library before 375.9 MB (96,218 pages, 0 free), 1,518,549 names (59.3 MB of UTF-16), 500,000 folder paths
  analysis: journal 165384 B, 2 segment(s) (1 synced), sector 512, page 4096, 40 records, 40 distinct pages (0 repeats), 4135 B per distinct page, original 96218 pages; journalled/total by B-tree: file_obs 10/41566, sqlite_autoindex_name_1 10/20373, folder_obs 10/11153, name 5/18676, sqlite_schema 1/4, snapshot 1/1, sqlite_autoindex_snapshot_1 1/1, snapshot_by_source 1/1, snapshot_extension_total 1/1, folder_path_child 0/2226, folder_path 0/2206
  files/s 113,907; insertion files/s 155,821; peak journal 0.2 MB (FileInfo 0.2 MB); growth 127.3 MB; library before 375.9 MB; new names 499,571; other load mean 56.5%
=== analyse hash 1M/750k
  target: 999,111 files in 250,000 folders; library before 98.9 MB (25,311 pages, 0 free), 393,658 names (17.0 MB of UTF-16), 125,000 folder paths
  analysis: journal 23390224 B, 2 segment(s) (1 synced), sector 512, page 4096, 5699 records, 5699 distinct pages (0 repeats), 4104 B per distinct page, original 25311 pages; journalled/total by B-tree: sqlite_autoindex_name_1 5662/5859, file_obs 9/10323, folder_obs 7/2754, folder_path_child 7/547, name 5/5263, folder_path 4/547, sqlite_schema 1/4, snapshot 1/1, sqlite_autoindex_snapshot_1 1/1, snapshot_by_source 1/1, snapshot_extension_total 1/1
  files/s 86,760; insertion files/s 114,406; peak journal 22.3 MB (FileInfo 22.3 MB); growth 131.0 MB; library before 98.9 MB; new names 499,572; other load mean 55.4%
=== analyse hash 2M/750k
  target: 1,997,023 files in 500,000 folders; library before 98.9 MB (25,311 pages, 0 free), 393,658 names (17.0 MB of UTF-16), 125,000 folder paths
  analysis: journal 23390120 B, 2 segment(s) (1 synced), sector 512, page 4096, 5699 records, 5699 distinct pages (0 repeats), 4104 B per distinct page, original 25311 pages; journalled/total by B-tree: sqlite_autoindex_name_1 5662/5859, file_obs 9/10323, folder_obs 7/2754, folder_path_child 7/547, name 5/5263, folder_path 4/547, sqlite_schema 1/4, snapshot 1/1, sqlite_autoindex_snapshot_1 1/1, snapshot_by_source 1/1, snapshot_extension_total 1/1
  files/s 92,195; insertion files/s 125,477; peak journal 22.3 MB (FileInfo 22.3 MB); growth 265.4 MB; library before 98.9 MB; new names 998,419; other load mean 50.4%
=== analyse hash 1M/3000k
  target: 999,111 files in 250,000 folders; library before 392.5 MB (100,482 pages, 0 free), 1,518,549 names (66.3 MB of UTF-16), 500,000 folder paths
  analysis: journal 92919792 B, 2 segment(s) (1 synced), sector 512, page 4096, 22641 records, 22641 distinct pages (0 repeats), 4104 B per distinct page, original 100482 pages; journalled/total by B-tree: sqlite_autoindex_name_1 22611/22811, file_obs 10/41566, folder_obs 10/11153, name 5/20502, sqlite_schema 1/4, snapshot 1/1, sqlite_autoindex_snapshot_1 1/1, snapshot_by_source 1/1, snapshot_extension_total 1/1, folder_path_child 0/2226, folder_path 0/2206
  files/s 46,446; insertion files/s 59,449; peak journal 88.6 MB (FileInfo 88.6 MB); growth 124.8 MB; library before 392.5 MB; new names 499,571; other load mean 52.6%
=== analyse hash new-source 1M/3000k
  target: 999,111 files in 250,000 folders; library before 392.5 MB (100,482 pages, 0 free), 1,518,549 names (66.3 MB of UTF-16), 500,000 folder paths
  analysis: journal 92989728 B, 2 segment(s) (1 synced), sector 512, page 4096, 22658 records, 22658 distinct pages (0 repeats), 4104 B per distinct page, original 100482 pages; journalled/total by B-tree: sqlite_autoindex_name_1 22611/22811, file_obs 10/41566, folder_obs 10/11153, folder_path_child 7/2226, name 5/20502, folder_path 5/2206, sqlite_schema 1/4, snapshot 1/1, sqlite_autoindex_snapshot_1 1/1, snapshot_by_source 1/1, volume 1/1, volume_by_serial 1/1, source 1/1, source_local_key 1/1, folder_path_root 1/1, snapshot_extension_total 1/1
  files/s 51,463; insertion files/s 67,834; peak journal 88.7 MB (FileInfo 88.7 MB); growth 134.1 MB; library before 392.5 MB; new names 499,571; other load mean 47.6%
=== analyse mixed 1M/3000k
  building prefill mixed-1000000
    prefill mixed 3x1,000,000 built in 41.7 s, 348.1 MB
  target: 999,111 files in 250,000 folders; library before 348.1 MB (89,120 pages, 0 free), 1,148,325 names (48.4 MB of UTF-16), 500,000 folder paths
  analysis: journal 66531416 B, 2 segment(s) (1 synced), sector 512, page 4096, 16211 records, 16211 distinct pages (0 repeats), 4104 B per distinct page, original 89120 pages; journalled/total by B-tree: sqlite_autoindex_name_1 16181/16794, file_obs 10/41647, folder_obs 10/11153, name 5/15076, sqlite_schema 1/4, snapshot 1/1, sqlite_autoindex_snapshot_1 1/1, snapshot_by_source 1/1, snapshot_extension_total 1/1, folder_path_child 0/2226, folder_path 0/2206
  files/s 45,291; insertion files/s 63,791; peak journal 63.5 MB (FileInfo 63.5 MB); growth 108.0 MB; library before 348.1 MB; new names 349,617; other load mean 55.5%
=== analyse real 1M/3000k
  building prefill real-1000000
    prefill real 3x1,000,000 built in 18.0 s, 230.1 MB
  target: 999,111 files in 250,000 folders; library before 230.1 MB (58,917 pages, 0 free), 70,772 names (2.9 MB of UTF-16), 500,000 folder paths
  analysis: journal 2558008 B, 2 segment(s) (1 synced), sector 512, page 4096, 623 records, 623 distinct pages (0 repeats), 4106 B per distinct page, original 58917 pages; journalled/total by B-tree: sqlite_autoindex_name_1 591/1010, file_obs 10/41391, folder_obs 10/11153, name 4/904, snapshot_extension_total 4/10, sqlite_schema 1/4, snapshot 1/1, sqlite_autoindex_snapshot_1 1/1, snapshot_by_source 1/1, folder_path_child 0/2226, folder_path 0/2206
  files/s 163,568; insertion files/s 249,496; peak journal 2.5 MB (FileInfo 2.5 MB); growth 105.1 MB; library before 230.1 MB; new names 107,967; other load mean 52.6%
=== analyse rescan 1% 1M/3000k
  target: 1,000,846 files in 250,000 folders; library before 392.5 MB (100,482 pages, 0 free), 1,518,549 names (66.3 MB of UTF-16), 500,000 folder paths
  analysis: journal 40869024 B, 2 segment(s) (1 synced), sector 512, page 4096, 9958 records, 9958 distinct pages (0 repeats), 4104 B per distinct page, original 100482 pages; journalled/total by B-tree: sqlite_autoindex_name_1 9928/22811, file_obs 10/41566, folder_obs 10/11153, name 5/20502, sqlite_schema 1/4, snapshot 1/1, sqlite_autoindex_snapshot_1 1/1, snapshot_by_source 1/1, snapshot_extension_total 1/1, folder_path_child 0/2226, folder_path 0/2206
  files/s 70,708; insertion files/s 95,772; peak journal 39.0 MB (FileInfo 39.0 MB); growth 70.1 MB; library before 392.5 MB; new names 10,187; other load mean 53.4%
# plan analyse finished 2026-10-02T16:01:58.3584767Z; busy elsewhere (cores): total 6.30 of 16
